../Core/Src/GAUL_Drivers/BMP280.c:137:7:BMP280_PressureToAltitude	8	static
../Core/Src/GAUL_Drivers/BMP280.c:143:9:BMP280_ReadRegister	24	static
../Core/Src/GAUL_Drivers/BMP280.c:94:6:BMP280_ReadCalibrationData	48	static
../Core/Src/GAUL_Drivers/BMP280.c:153:9:BMP280_WriteRegister	16	static
../Core/Src/GAUL_Drivers/BMP280.c:39:9:BMP280_ReadTemperature	16	static
../Core/Src/GAUL_Drivers/BMP280.c:61:9:BMP280_ReadPressure	32	static
../Core/Src/GAUL_Drivers/BMP280.c:130:9:BMP280_MeasureReference	16	static
../Core/Src/GAUL_Drivers/BMP280.c:18:9:BMP280_Init	8	static
../Core/Src/GAUL_Drivers/BMP280.c:118:9:BMP280_SwapMode	8	static
