../Core/Src/GAUL_Drivers/BMP280.c:128:7:BMP280_PressureToAltitude	8	static
../Core/Src/GAUL_Drivers/BMP280.c:134:9:BMP280_ReadRegister	24	static
../Core/Src/GAUL_Drivers/BMP280.c:38:9:BMP280_ReadTemperature	16	static
../Core/Src/GAUL_Drivers/BMP280.c:56:9:BMP280_ReadPressure	32	static
../Core/Src/GAUL_Drivers/BMP280.c:121:9:BMP280_MeasureReference	16	static
../Core/Src/GAUL_Drivers/BMP280.c:85:6:BMP280_ReadCalibrationData	48	static
../Core/Src/GAUL_Drivers/BMP280.c:144:9:BMP280_WriteRegister	16	static
../Core/Src/GAUL_Drivers/BMP280.c:18:9:BMP280_Init	8	static
../Core/Src/GAUL_Drivers/BMP280.c:109:9:BMP280_SwapMode	8	static
