../MIDWARE/FATFS_SD/FATFS_SD.c:27:13:SELECT	8	static
../MIDWARE/FATFS_SD/FATFS_SD.c:33:13:DESELECT	8	static
../MIDWARE/FATFS_SD/FATFS_SD.c:39:13:SPI_TxByte	16	static
../MIDWARE/FATFS_SD/FATFS_SD.c:45:13:SPI_TxBuffer	16	static
../MIDWARE/FATFS_SD/FATFS_SD.c:51:16:SPI_RxByte	16	static
../MIDWARE/FATFS_SD/FATFS_SD.c:59:13:SPI_RxBytePtr	16	static
../MIDWARE/FATFS_SD/FATFS_SD.c:67:16:SD_ReadyWait	16	static
../MIDWARE/FATFS_SD/FATFS_SD.c:80:13:SD_PowerOn	24	static
../MIDWARE/FATFS_SD/FATFS_SD.c:112:13:SD_PowerOff	4	static
../MIDWARE/FATFS_SD/FATFS_SD.c:118:16:SD_CheckPower	4	static
../MIDWARE/FATFS_SD/FATFS_SD.c:124:13:SD_RxDataBlock	24	static
../MIDWARE/FATFS_SD/FATFS_SD.c:147:13:SD_TxDataBlock	24	static
../MIDWARE/FATFS_SD/FATFS_SD.c:181:13:SD_SendCmd	24	static
../MIDWARE/FATFS_SD/FATFS_SD.c:212:9:SD_disk_initialize	32	static
../MIDWARE/FATFS_SD/FATFS_SD.c:297:9:SD_disk_status	16	static
../MIDWARE/FATFS_SD/FATFS_SD.c:304:9:SD_disk_read	24	static
../MIDWARE/FATFS_SD/FATFS_SD.c:346:9:SD_disk_write	24	static
../MIDWARE/FATFS_SD/FATFS_SD.c:401:9:SD_disk_ioctl	56	static
