../MIDWARE/FATFS_SD/FATFS_SD.c:27:13:SELECT	8	static
../MIDWARE/FATFS_SD/FATFS_SD.c:33:13:DESELECT	8	static
../MIDWARE/FATFS_SD/FATFS_SD.c:39:13:SPI_TxByte	16	static
../MIDWARE/FATFS_SD/FATFS_SD.c:45:13:SPI_TxBuffer	16	static
../MIDWARE/FATFS_SD/FATFS_SD.c:51:16:SPI_RxByte	16	static
../MIDWARE/FATFS_SD/FATFS_SD.c:59:13:SPI_RxBytePtr	16	static
../MIDWARE/FATFS_SD/FATFS_SD.c:67:16:SD_ReadyWait	16	static
../MIDWARE/FATFS_SD/FATFS_SD.c:80:13:SD_PowerOn	24	static
../MIDWARE/FATFS_SD/FATFS_SD.c:111:13:SD_PowerOff	4	static
../MIDWARE/FATFS_SD/FATFS_SD.c:117:16:SD_CheckPower	4	static
../MIDWARE/FATFS_SD/FATFS_SD.c:123:13:SD_RxDataBlock	24	static
../MIDWARE/FATFS_SD/FATFS_SD.c:146:13:SD_TxDataBlock	24	static
../MIDWARE/FATFS_SD/FATFS_SD.c:180:13:SD_SendCmd	24	static
../MIDWARE/FATFS_SD/FATFS_SD.c:211:9:SD_disk_initialize	32	static
../MIDWARE/FATFS_SD/FATFS_SD.c:296:9:SD_disk_status	16	static
../MIDWARE/FATFS_SD/FATFS_SD.c:303:9:SD_disk_read	24	static
../MIDWARE/FATFS_SD/FATFS_SD.c:345:9:SD_disk_write	24	static
../MIDWARE/FATFS_SD/FATFS_SD.c:400:9:SD_disk_ioctl	56	static
