../Drivers/STM32F1xx_HAL_Driver/Inc/stm32f1xx_ll_usart.h:437:26:LL_USART_IsEnabled	16	static
../Drivers/STM32F1xx_HAL_Driver/Inc/stm32f1xx_ll_usart.h:780:22:LL_USART_DisableSCLKOutput	16	static
../Drivers/STM32F1xx_HAL_Driver/Inc/stm32f1xx_ll_usart.h:809:22:LL_USART_SetStopBitsLength	16	static
../Drivers/STM32F1xx_HAL_Driver/Inc/stm32f1xx_ll_usart.h:953:22:LL_USART_SetHWFlowCtrl	16	static
../Drivers/STM32F1xx_HAL_Driver/Inc/stm32f1xx_ll_usart.h:1089:22:LL_USART_SetBaudRate	24	static
../Drivers/STM32F1xx_HAL_Driver/Inc/stm32f1xx_ll_bus.h:636:22:LL_APB1_GRP1_ForceReset	16	static
../Drivers/STM32F1xx_HAL_Driver/Inc/stm32f1xx_ll_bus.h:699:22:LL_APB1_GRP1_ReleaseReset	16	static
../Drivers/STM32F1xx_HAL_Driver/Inc/stm32f1xx_ll_bus.h:928:22:LL_APB2_GRP1_ForceReset	16	static
../Drivers/STM32F1xx_HAL_Driver/Inc/stm32f1xx_ll_bus.h:983:22:LL_APB2_GRP1_ReleaseReset	16	static
../Drivers/STM32F1xx_HAL_Driver/Src/stm32f1xx_ll_usart.c:124:13:LL_USART_DeInit	24	static
../Drivers/STM32F1xx_HAL_Driver/Src/stm32f1xx_ll_usart.c:198:13:LL_USART_Init	40	static
../Drivers/STM32F1xx_HAL_Driver/Src/stm32f1xx_ll_usart.c:324:6:LL_USART_StructInit	16	static
../Drivers/STM32F1xx_HAL_Driver/Src/stm32f1xx_ll_usart.c:350:13:LL_USART_ClockInit	24	static
../Drivers/STM32F1xx_HAL_Driver/Src/stm32f1xx_ll_usart.c:409:6:LL_USART_ClockStructInit	16	static
