../Drivers/STM32F1xx_HAL_Driver/Inc/stm32f1xx_ll_rcc.h:752:22:LL_RCC_HSE_EnableBypass	4	static
../Drivers/STM32F1xx_HAL_Driver/Inc/stm32f1xx_ll_rcc.h:762:22:LL_RCC_HSE_DisableBypass	4	static
../Drivers/STM32F1xx_HAL_Driver/Inc/stm32f1xx_ll_rcc.h:772:22:LL_RCC_HSE_Enable	4	static
../Drivers/STM32F1xx_HAL_Driver/Inc/stm32f1xx_ll_rcc.h:792:26:LL_RCC_HSE_IsReady	4	static
../Drivers/STM32F1xx_HAL_Driver/Inc/stm32f1xx_ll_rcc.h:838:22:LL_RCC_HSI_Enable	4	static
../Drivers/STM32F1xx_HAL_Driver/Inc/stm32f1xx_ll_rcc.h:858:26:LL_RCC_HSI_IsReady	4	static
../Drivers/STM32F1xx_HAL_Driver/Inc/stm32f1xx_ll_rcc.h:1012:22:LL_RCC_SetSysClkSource	16	static
../Drivers/STM32F1xx_HAL_Driver/Inc/stm32f1xx_ll_rcc.h:1025:26:LL_RCC_GetSysClkSource	4	static
../Drivers/STM32F1xx_HAL_Driver/Inc/stm32f1xx_ll_rcc.h:1045:22:LL_RCC_SetAHBPrescaler	16	static
../Drivers/STM32F1xx_HAL_Driver/Inc/stm32f1xx_ll_rcc.h:1061:22:LL_RCC_SetAPB1Prescaler	16	static
../Drivers/STM32F1xx_HAL_Driver/Inc/stm32f1xx_ll_rcc.h:1077:22:LL_RCC_SetAPB2Prescaler	16	static
../Drivers/STM32F1xx_HAL_Driver/Inc/stm32f1xx_ll_rcc.h:1096:26:LL_RCC_GetAHBPrescaler	4	static
../Drivers/STM32F1xx_HAL_Driver/Inc/stm32f1xx_ll_rcc.h:1385:22:LL_RCC_PLL_Enable	4	static
../Drivers/STM32F1xx_HAL_Driver/Inc/stm32f1xx_ll_rcc.h:1406:26:LL_RCC_PLL_IsReady	4	static
../Drivers/STM32F1xx_HAL_Driver/Inc/stm32f1xx_ll_rcc.h:1475:22:LL_RCC_PLL_ConfigDomain_SYS	16	static
../Drivers/STM32F1xx_HAL_Driver/Inc/stm32f1xx_ll_utils.h:218:22:LL_InitTick	16	static
../Drivers/STM32F1xx_HAL_Driver/Inc/stm32f1xx_ll_system.h:471:22:LL_FLASH_SetLatency	16	static
../Drivers/STM32F1xx_HAL_Driver/Inc/stm32f1xx_ll_system.h:484:26:LL_FLASH_GetLatency	4	static
../Drivers/STM32F1xx_HAL_Driver/Src/stm32f1xx_ll_utils.c:195:6:LL_Init1msTick	16	static
../Drivers/STM32F1xx_HAL_Driver/Src/stm32f1xx_ll_utils.c:211:6:LL_mDelay	24	static
../Drivers/STM32F1xx_HAL_Driver/Src/stm32f1xx_ll_utils.c:269:6:LL_SetSystemCoreClock	16	static
../Drivers/STM32F1xx_HAL_Driver/Src/stm32f1xx_ll_utils.c:284:13:LL_SetFlashLatency	32	static
../Drivers/STM32F1xx_HAL_Driver/Src/stm32f1xx_ll_utils.c:364:13:LL_PLL_ConfigSystemClock_HSI	24	static
../Drivers/STM32F1xx_HAL_Driver/Src/stm32f1xx_ll_utils.c:429:13:LL_PLL_ConfigSystemClock_HSE	32	static
../Drivers/STM32F1xx_HAL_Driver/Src/stm32f1xx_ll_utils.c:538:17:UTILS_GetPLLOutputFrequency	24	static
../Drivers/STM32F1xx_HAL_Driver/Src/stm32f1xx_ll_utils.c:571:20:UTILS_PLL_HSE_ConfigSystemClock	32	static
../Drivers/STM32F1xx_HAL_Driver/Src/stm32f1xx_ll_utils.c:640:20:UTILS_PLL_IsBusy	16	static
../Drivers/STM32F1xx_HAL_Driver/Src/stm32f1xx_ll_utils.c:680:20:UTILS_EnablePLLAndSwitchSystem	32	static
