../Drivers/STM32F1xx_HAL_Driver/Inc/stm32f1xx_ll_dma.h:526:22:LL_DMA_ConfigTransfer	24	static
../Drivers/STM32F1xx_HAL_Driver/Inc/stm32f1xx_ll_dma.h:879:22:LL_DMA_SetDataLength	24	static
../Drivers/STM32F1xx_HAL_Driver/Inc/stm32f1xx_ll_dma.h:964:22:LL_DMA_SetMemoryAddress	24	static
../Drivers/STM32F1xx_HAL_Driver/Inc/stm32f1xx_ll_dma.h:986:22:LL_DMA_SetPeriphAddress	24	static
../Drivers/STM32F1xx_HAL_Driver/Inc/stm32f1xx_ll_dma.h:1437:22:LL_DMA_ClearFlag_GI1	16	static
../Drivers/STM32F1xx_HAL_Driver/Inc/stm32f1xx_ll_dma.h:1448:22:LL_DMA_ClearFlag_GI2	16	static
../Drivers/STM32F1xx_HAL_Driver/Inc/stm32f1xx_ll_dma.h:1459:22:LL_DMA_ClearFlag_GI3	16	static
../Drivers/STM32F1xx_HAL_Driver/Inc/stm32f1xx_ll_dma.h:1470:22:LL_DMA_ClearFlag_GI4	16	static
../Drivers/STM32F1xx_HAL_Driver/Inc/stm32f1xx_ll_dma.h:1481:22:LL_DMA_ClearFlag_GI5	16	static
../Drivers/STM32F1xx_HAL_Driver/Inc/stm32f1xx_ll_dma.h:1492:22:LL_DMA_ClearFlag_GI6	16	static
../Drivers/STM32F1xx_HAL_Driver/Inc/stm32f1xx_ll_dma.h:1503:22:LL_DMA_ClearFlag_GI7	16	static
../Drivers/STM32F1xx_HAL_Driver/Src/stm32f1xx_ll_dma.c:129:10:LL_DMA_DeInit	24	static
../Drivers/STM32F1xx_HAL_Driver/Src/stm32f1xx_ll_dma.c:217:10:LL_DMA_Init	24	static
../Drivers/STM32F1xx_HAL_Driver/Src/stm32f1xx_ll_dma.c:278:6:LL_DMA_StructInit	16	static
