../Drivers/CMSIS/Include/core_cm3.h:1876:26:ITM_SendChar	0	static,ignoring_inline_asm
../Core/Src/main.c:133:6:STM32_u16To8	0	static
../Core/Src/main.c:139:6:STM32_i32To8	0	static
../Core/Src/main.c:147:9:STM32_SetMode	0	static
../Core/Src/main.c:214:9:STM32_ModeRoutine	32	static
../Core/Src/main.c:724:5:_write	16	static
../Core/Src/main.c:739:6:Error_Handler	0	static,ignoring_inline_asm
../Core/Src/main.c:629:13:MX_USART1_UART_Init	8	static
../Core/Src/main.c:662:13:MX_USART2_UART_Init	8	static
../Core/Src/main.c:695:13:MX_USART3_UART_Init	8	static
../Core/Src/main.c:570:13:MX_TIM3_Init	64	static
../Core/Src/main.c:525:13:MX_TIM2_Init	32	static
../Core/Src/main.c:452:13:MX_ADC1_Init	24	static
../Core/Src/main.c:499:13:MX_CRC_Init	8	static
../Core/Src/main.c:405:6:SystemClock_Config	88	static
../Core/Src/main.c:156:6:STM32_InitRoutine	8	static
../Core/Src/main.c:353:5:main	8	static
