../Drivers/CMSIS/Include/core_cm3.h:1876:26:ITM_SendChar	0	static,ignoring_inline_asm
../Core/Src/main.c:439:13:SD_Card_Test	8520	static
../Core/Src/main.c:139:6:STM32_u16To8	0	static
../Core/Src/main.c:145:6:STM32_i32To8	0	static
../Core/Src/main.c:153:9:ROCKET_SetMode	0	static
../Core/Src/main.c:222:9:ROCKET_ModeRoutine	32	static
../Core/Src/main.c:347:9:ROCKET_Behavior	24	static
../Core/Src/main.c:913:5:_write	16	static
../Core/Src/main.c:928:6:Error_Handler	0	static,ignoring_inline_asm
../Core/Src/main.c:818:13:MX_USART1_UART_Init	8	static
../Core/Src/main.c:851:13:MX_USART2_UART_Init	8	static
../Core/Src/main.c:884:13:MX_USART3_UART_Init	8	static
../Core/Src/main.c:759:13:MX_TIM3_Init	64	static
../Core/Src/main.c:714:13:MX_TIM2_Init	32	static
../Core/Src/main.c:641:13:MX_ADC1_Init	24	static
../Core/Src/main.c:688:13:MX_CRC_Init	8	static
../Core/Src/main.c:594:6:SystemClock_Config	88	static
../Core/Src/main.c:162:6:ROCKET_InitRoutine	16	static
../Core/Src/main.c:541:5:main	8	static
