../Drivers/CMSIS/Include/core_cm3.h:1876:26:ITM_SendChar	0	static,ignoring_inline_asm
../Core/Src/main.c:144:6:STM32_u16To8	0	static
../Core/Src/main.c:150:6:STM32_i32To8	0	static
../Core/Src/main.c:158:9:ROCKET_SetMode	0	static
../Core/Src/main.c:225:9:ROCKET_ModeRoutine	32	static
../Core/Src/main.c:349:10:ROCKET_Behavior	32	static
../Core/Src/main.c:883:5:_write	16	static
../Core/Src/main.c:898:6:Error_Handler	0	static,ignoring_inline_asm
../Core/Src/main.c:788:13:MX_USART1_UART_Init	8	static
../Core/Src/main.c:821:13:MX_USART2_UART_Init	8	static
../Core/Src/main.c:854:13:MX_USART3_UART_Init	8	static
../Core/Src/main.c:729:13:MX_TIM3_Init	64	static
../Core/Src/main.c:684:13:MX_TIM2_Init	32	static
../Core/Src/main.c:611:13:MX_ADC1_Init	24	static
../Core/Src/main.c:658:13:MX_CRC_Init	8	static
../Core/Src/main.c:564:6:SystemClock_Config	88	static
../Core/Src/main.c:167:6:ROCKET_InitRoutine	16	static
../Core/Src/main.c:502:5:main	8	static
