../Drivers/CMSIS/Include/core_cm3.h:1876:26:ITM_SendChar	0	static,ignoring_inline_asm
../Core/Src/main.c:123:6:STM32_u16To8	0	static
../Core/Src/main.c:130:6:STM32_i32To8	0	static
../Core/Src/main.c:200:9:STM32_SetMode	0	static
../Core/Src/main.c:210:9:STM32_ModeRoutine	32	static
../Core/Src/main.c:653:5:_write	16	static
../Core/Src/main.c:669:6:Error_Handler	0	static,ignoring_inline_asm
../Core/Src/main.c:558:13:MX_USART1_UART_Init	8	static
../Core/Src/main.c:591:13:MX_USART2_UART_Init	8	static
../Core/Src/main.c:624:13:MX_USART3_UART_Init	8	static
../Core/Src/main.c:499:13:MX_TIM3_Init	64	static
../Core/Src/main.c:454:13:MX_TIM2_Init	32	static
../Core/Src/main.c:381:13:MX_ADC1_Init	24	static
../Core/Src/main.c:428:13:MX_CRC_Init	8	static
../Core/Src/main.c:334:6:SystemClock_Config	88	static
../Core/Src/main.c:141:6:STM32_InitRoutine	16	static
../Core/Src/main.c:313:5:main	8	static
