../Core/Src/main.c:490:13:MX_DMA_Init	16	static
../Core/Src/main.c:504:5:_write	0	static,ignoring_inline_asm
../Core/Src/main.c:520:6:Error_Handler	0	static,ignoring_inline_asm
../Core/Src/main.c:393:13:MX_USART1_UART_Init	8	static
../Core/Src/main.c:426:13:MX_USART2_UART_Init	8	static
../Core/Src/main.c:459:13:MX_USART3_UART_Init	8	static
../Core/Src/main.c:334:13:MX_TIM3_Init	64	static
../Core/Src/main.c:289:13:MX_TIM2_Init	32	static
../Core/Src/main.c:216:13:MX_ADC1_Init	24	static
../Core/Src/main.c:263:13:MX_CRC_Init	8	static
../Core/Src/main.c:169:6:SystemClock_Config	88	static
../Core/Src/main.c:95:5:main	64	static
