../Drivers/CMSIS/Include/core_cm3.h:1876:26:ITM_SendChar	0	static,ignoring_inline_asm
../Core/Src/main.c:132:6:STM32_u16To8	0	static
../Core/Src/main.c:138:6:STM32_i32To8	0	static
../Core/Src/main.c:146:9:ROCKET_SetMode	0	static
../Core/Src/main.c:155:6:ROCKET_InitRoutine	16	static
../Core/Src/main.c:221:9:ROCKET_ModeRoutine	48	static
../Core/Src/main.c:347:9:ROCKET_Behavior	16	static
../Core/Src/main.c:739:5:_write	16	static
../Core/Src/main.c:754:6:Error_Handler	0	static,ignoring_inline_asm
../Core/Src/main.c:601:13:MX_SPI1_Init	8	static
../Core/Src/main.c:684:13:MX_TIM3_Init	64	static
../Core/Src/main.c:639:13:MX_TIM2_Init	32	static
../Core/Src/main.c:528:13:MX_ADC1_Init	24	static
../Core/Src/main.c:575:13:MX_CRC_Init	8	static
../Core/Src/main.c:481:6:SystemClock_Config	88	static
../Core/Src/main.c:410:5:main	8	static
