../Drivers/CMSIS/Include/core_cm3.h:1876:26:ITM_SendChar	16	static,ignoring_inline_asm
../Core/Src/main.c:93:5:main	72	static
../Core/Src/main.c:160:6:SystemClock_Config	88	static
../Core/Src/main.c:207:13:MX_ADC1_Init	24	static
../Core/Src/main.c:254:13:MX_CRC_Init	8	static
../Core/Src/main.c:280:13:MX_SPI1_Init	8	static
../Core/Src/main.c:318:13:MX_SPI2_Init	8	static
../Core/Src/main.c:356:13:MX_TIM2_Init	32	static
../Core/Src/main.c:401:13:MX_TIM3_Init	64	static
../Core/Src/main.c:460:13:MX_USART1_UART_Init	8	static
../Core/Src/main.c:493:13:MX_USART2_UART_Init	8	static
../Core/Src/main.c:526:13:MX_USART3_UART_Init	8	static
../Core/Src/main.c:557:13:MX_DMA_Init	16	static
../Core/Src/main.c:575:13:MX_GPIO_Init	40	static
../Core/Src/main.c:649:5:_write	32	static
../Core/Src/main.c:665:6:Error_Handler	4	static,ignoring_inline_asm
