../Drivers/CMSIS/Include/core_cm3.h:1876:26:ITM_SendChar	0	static,ignoring_inline_asm
../Core/Src/main.c:139:6:STM32_u16To8	0	static
../Core/Src/main.c:145:6:STM32_i32To8	0	static
../Core/Src/main.c:153:9:ROCKET_SetMode	0	static
../Core/Src/main.c:220:9:ROCKET_ModeRoutine	32	static
../Core/Src/main.c:344:9:ROCKET_Behavior	24	static
../Core/Src/main.c:446:6:ROCKET_DecodeBehavior	0	static
../Core/Src/main.c:829:5:_write	16	static
../Core/Src/main.c:844:6:Error_Handler	0	static,ignoring_inline_asm
../Core/Src/main.c:734:13:MX_USART1_UART_Init	8	static
../Core/Src/main.c:767:13:MX_USART2_UART_Init	8	static
../Core/Src/main.c:800:13:MX_USART3_UART_Init	8	static
../Core/Src/main.c:675:13:MX_TIM3_Init	64	static
../Core/Src/main.c:630:13:MX_TIM2_Init	32	static
../Core/Src/main.c:557:13:MX_ADC1_Init	24	static
../Core/Src/main.c:604:13:MX_CRC_Init	8	static
../Core/Src/main.c:510:6:SystemClock_Config	88	static
../Core/Src/main.c:162:6:ROCKET_InitRoutine	16	static
../Core/Src/main.c:455:5:main	8	static
