../Drivers/CMSIS/Include/core_cm3.h:1876:26:ITM_SendChar	0	static,ignoring_inline_asm
../Core/Src/main.c:133:6:STM32_u16To8	0	static
../Core/Src/main.c:139:6:STM32_i32To8	0	static
../Core/Src/main.c:147:6:Altitude_Trend	16	static
../Core/Src/main.c:177:9:ROCKET_SetMode	0	static
../Core/Src/main.c:187:13:ROCKET_BehaviorToString	0	static
../Core/Src/main.c:216:6:ROCKET_InitRoutine	16	static
../Core/Src/main.c:282:9:ROCKET_ModeRoutine	48	static
../Core/Src/main.c:409:9:ROCKET_Behavior	16	static
../Core/Src/main.c:807:5:_write	16	static
../Core/Src/main.c:822:6:Error_Handler	0	static,ignoring_inline_asm
../Core/Src/main.c:669:13:MX_SPI1_Init	8	static
../Core/Src/main.c:752:13:MX_TIM3_Init	64	static
../Core/Src/main.c:707:13:MX_TIM2_Init	32	static
../Core/Src/main.c:596:13:MX_ADC1_Init	24	static
../Core/Src/main.c:643:13:MX_CRC_Init	8	static
../Core/Src/main.c:549:6:SystemClock_Config	88	static
../Core/Src/main.c:488:5:main	8	static
