../Drivers/CMSIS/Include/core_cm3.h:1876:26:ITM_SendChar	0	static,ignoring_inline_asm
../Core/Src/main.c:49:13:ROCKET_BehaviorToString	0	static
../Core/Src/main.c:153:6:STM32_u16To8	0	static
../Core/Src/main.c:159:6:STM32_i32To8	0	static
../Core/Src/main.c:167:9:ROCKET_SetMode	0	static
../Core/Src/main.c:235:9:ROCKET_ModeRoutine	24	static
../Core/Src/main.c:366:9:ROCKET_Behavior	24	static
../Core/Src/main.c:469:6:logBMP	8	static
../Core/Src/main.c:475:6:logBMPadc	8	static
../Core/Src/main.c:881:5:_write	16	static
../Core/Src/main.c:896:6:Error_Handler	0	static,ignoring_inline_asm
../Core/Src/main.c:786:13:MX_USART1_UART_Init	8	static
../Core/Src/main.c:819:13:MX_USART2_UART_Init	8	static
../Core/Src/main.c:852:13:MX_USART3_UART_Init	8	static
../Core/Src/main.c:727:13:MX_TIM3_Init	64	static
../Core/Src/main.c:682:13:MX_TIM2_Init	32	static
../Core/Src/main.c:609:13:MX_ADC1_Init	24	static
../Core/Src/main.c:656:13:MX_CRC_Init	8	static
../Core/Src/main.c:562:6:SystemClock_Config	88	static
../Core/Src/main.c:176:6:ROCKET_InitRoutine	16	static
../Core/Src/main.c:489:5:main	8	static
