../Drivers/CMSIS/Include/core_cm3.h:1876:26:ITM_SendChar	0	static,ignoring_inline_asm
../Core/Src/main.c:137:6:STM32_u16To8	0	static
../Core/Src/main.c:144:6:STM32_i32To8	0	static
../Core/Src/main.c:155:9:STM32_SetMode	0	static
../Core/Src/main.c:233:9:STM32_ModeRoutine	32	static
../Core/Src/main.c:574:6:HAL_TIM_PeriodElapsedCallback	8	static
../Core/Src/main.c:787:5:_write	16	static
../Core/Src/main.c:802:6:Error_Handler	0	static,ignoring_inline_asm
../Core/Src/main.c:692:13:MX_USART1_UART_Init	8	static
../Core/Src/main.c:725:13:MX_USART2_UART_Init	8	static
../Core/Src/main.c:758:13:MX_USART3_UART_Init	8	static
../Core/Src/main.c:633:13:MX_TIM3_Init	64	static
../Core/Src/main.c:588:13:MX_TIM2_Init	32	static
../Core/Src/main.c:457:13:MX_ADC1_Init	24	static
../Core/Src/main.c:504:13:MX_CRC_Init	8	static
../Core/Src/main.c:530:13:MX_TIM1_Init	32	static
../Core/Src/main.c:410:6:SystemClock_Config	88	static
../Core/Src/main.c:164:6:STM32_InitRoutine	16	static
../Core/Src/main.c:357:5:main	8	static
