../Drivers/CMSIS/Include/core_cm3.h:1876:26:ITM_SendChar	0	static,ignoring_inline_asm
../Core/Src/main.c:211:9:STM32_GetStates	24	static
../Core/Src/main.c:232:9:STM32_ModeRoutine	8	static
../Core/Src/main.c:601:5:_write	16	static
../Core/Src/main.c:617:6:Error_Handler	0	static,ignoring_inline_asm
../Core/Src/main.c:506:13:MX_USART1_UART_Init	8	static
../Core/Src/main.c:539:13:MX_USART2_UART_Init	8	static
../Core/Src/main.c:572:13:MX_USART3_UART_Init	8	static
../Core/Src/main.c:447:13:MX_TIM3_Init	64	static
../Core/Src/main.c:402:13:MX_TIM2_Init	32	static
../Core/Src/main.c:329:13:MX_ADC1_Init	24	static
../Core/Src/main.c:376:13:MX_CRC_Init	8	static
../Core/Src/main.c:282:6:SystemClock_Config	88	static
../Core/Src/main.c:117:6:STM32_InitRoutine	8	static
../Core/Src/main.c:261:5:main	8	static
