../Drivers/CMSIS/Include/core_cm3.h:1876:26:ITM_SendChar	0	static,ignoring_inline_asm
../Core/Src/main.c:49:13:ROCKET_BehaviorToString	0	static
../Core/Src/main.c:152:6:STM32_u16To8	0	static
../Core/Src/main.c:158:6:STM32_i32To8	0	static
../Core/Src/main.c:166:9:ROCKET_SetMode	0	static
../Core/Src/main.c:234:9:ROCKET_ModeRoutine	32	static
../Core/Src/main.c:358:9:ROCKET_Behavior	24	static
../Core/Src/main.c:460:6:ROCKET_DecodeBehavior	0	static
../Core/Src/main.c:845:5:_write	16	static
../Core/Src/main.c:860:6:Error_Handler	0	static,ignoring_inline_asm
../Core/Src/main.c:750:13:MX_USART1_UART_Init	8	static
../Core/Src/main.c:783:13:MX_USART2_UART_Init	8	static
../Core/Src/main.c:816:13:MX_USART3_UART_Init	8	static
../Core/Src/main.c:691:13:MX_TIM3_Init	64	static
../Core/Src/main.c:646:13:MX_TIM2_Init	32	static
../Core/Src/main.c:573:13:MX_ADC1_Init	24	static
../Core/Src/main.c:620:13:MX_CRC_Init	8	static
../Core/Src/main.c:526:6:SystemClock_Config	88	static
../Core/Src/main.c:175:6:ROCKET_InitRoutine	16	static
../Core/Src/main.c:469:5:main	8	static
