../Core/Src/main.c:485:13:MX_DMA_Init	16	static
../Core/Src/main.c:499:5:_write	0	static,ignoring_inline_asm
../Core/Src/main.c:515:6:Error_Handler	0	static,ignoring_inline_asm
../Core/Src/main.c:388:13:MX_USART1_UART_Init	8	static
../Core/Src/main.c:421:13:MX_USART2_UART_Init	8	static
../Core/Src/main.c:454:13:MX_USART3_UART_Init	8	static
../Core/Src/main.c:329:13:MX_TIM3_Init	64	static
../Core/Src/main.c:284:13:MX_TIM2_Init	32	static
../Core/Src/main.c:211:13:MX_ADC1_Init	24	static
../Core/Src/main.c:258:13:MX_CRC_Init	8	static
../Core/Src/main.c:164:6:SystemClock_Config	88	static
../Core/Src/main.c:92:5:main	32	static
