../Drivers/CMSIS/Include/core_cm3.h:1876:26:ITM_SendChar	0	static,ignoring_inline_asm
../Core/Src/main.c:201:9:STM32_SetMode	0	static
../Core/Src/main.c:211:9:STM32_ModeRoutine	24	static
../Core/Src/main.c:630:5:_write	16	static
../Core/Src/main.c:646:6:Error_Handler	0	static,ignoring_inline_asm
../Core/Src/main.c:535:13:MX_USART1_UART_Init	8	static
../Core/Src/main.c:568:13:MX_USART2_UART_Init	8	static
../Core/Src/main.c:601:13:MX_USART3_UART_Init	8	static
../Core/Src/main.c:476:13:MX_TIM3_Init	64	static
../Core/Src/main.c:431:13:MX_TIM2_Init	32	static
../Core/Src/main.c:358:13:MX_ADC1_Init	24	static
../Core/Src/main.c:405:13:MX_CRC_Init	8	static
../Core/Src/main.c:311:6:SystemClock_Config	88	static
../Core/Src/main.c:122:6:STM32_InitRoutine	16	static
../Core/Src/main.c:290:5:main	8	static
