../Core/Src/main.c:486:13:MX_DMA_Init	16	static
../Core/Src/main.c:500:5:_write	0	static,ignoring_inline_asm
../Core/Src/main.c:516:6:Error_Handler	0	static,ignoring_inline_asm
../Core/Src/main.c:389:13:MX_USART1_UART_Init	8	static
../Core/Src/main.c:422:13:MX_USART2_UART_Init	8	static
../Core/Src/main.c:455:13:MX_USART3_UART_Init	8	static
../Core/Src/main.c:330:13:MX_TIM3_Init	64	static
../Core/Src/main.c:285:13:MX_TIM2_Init	32	static
../Core/Src/main.c:212:13:MX_ADC1_Init	24	static
../Core/Src/main.c:259:13:MX_CRC_Init	8	static
../Core/Src/main.c:165:6:SystemClock_Config	88	static
../Core/Src/main.c:92:5:main	72	static
