../Core/Src/stm32f1xx_hal_msp.c:66:6:HAL_MspInit	8	static
../Core/Src/stm32f1xx_hal_msp.c:93:6:HAL_ADC_MspInit	32	static
../Core/Src/stm32f1xx_hal_msp.c:126:6:HAL_ADC_MspDeInit	8	static
../Core/Src/stm32f1xx_hal_msp.c:154:6:HAL_CRC_MspInit	8	static
../Core/Src/stm32f1xx_hal_msp.c:177:6:HAL_CRC_MspDeInit	0	static
../Core/Src/stm32f1xx_hal_msp.c:199:6:HAL_SPI_MspInit	32	static
../Core/Src/stm32f1xx_hal_msp.c:240:6:HAL_SPI_MspDeInit	8	static
../Core/Src/stm32f1xx_hal_msp.c:270:6:HAL_TIM_Base_MspInit	8	static
../Core/Src/stm32f1xx_hal_msp.c:297:6:HAL_TIM_MspPostInit	32	static
../Core/Src/stm32f1xx_hal_msp.c:327:6:HAL_TIM_Base_MspDeInit	0	static
