../Core/Src/stm32f1xx_hal_msp.c:67:6:HAL_MspInit	8	static
../Core/Src/stm32f1xx_hal_msp.c:93:6:HAL_ADC_MspInit	32	static
../Core/Src/stm32f1xx_hal_msp.c:125:6:HAL_ADC_MspDeInit	8	static
../Core/Src/stm32f1xx_hal_msp.c:153:6:HAL_CRC_MspInit	8	static
../Core/Src/stm32f1xx_hal_msp.c:175:6:HAL_CRC_MspDeInit	0	static
../Core/Src/stm32f1xx_hal_msp.c:197:6:HAL_TIM_Base_MspInit	8	static
../Core/Src/stm32f1xx_hal_msp.c:224:6:HAL_TIM_MspPostInit	32	static
../Core/Src/stm32f1xx_hal_msp.c:254:6:HAL_TIM_Base_MspDeInit	0	static
../Core/Src/stm32f1xx_hal_msp.c:287:6:HAL_UART_MspInit	56	static
../Core/Src/stm32f1xx_hal_msp.c:399:6:HAL_UART_MspDeInit	8	static
