../Core/Src/GAUL_Drivers/Low_Level_Drivers/USART_driver.c:59:6:USART1_DMA_Init	0	static
../Core/Src/GAUL_Drivers/Low_Level_Drivers/USART_driver.c:80:6:USART2_DMA_Init	0	static
../Core/Src/GAUL_Drivers/Low_Level_Drivers/USART_driver.c:101:6:USART3_DMA_Init	0	static
../Core/Src/GAUL_Drivers/Low_Level_Drivers/USART_driver.c:21:6:USART_Init	8	static
../Core/Src/GAUL_Drivers/Low_Level_Drivers/USART_driver.c:122:6:USART_DMA_TX	8	static
../Core/Src/GAUL_Drivers/Low_Level_Drivers/USART_driver.c:139:6:USART_DMA_RX	0	static
../Core/Src/GAUL_Drivers/Low_Level_Drivers/USART_driver.c:156:6:USART1_IRQHandler	0	static
../Core/Src/GAUL_Drivers/Low_Level_Drivers/USART_driver.c:164:6:USART2_IRQHandler	0	static
../Core/Src/GAUL_Drivers/Low_Level_Drivers/USART_driver.c:172:6:USART3_IRQHandler	0	static
../Core/Src/GAUL_Drivers/Low_Level_Drivers/USART_driver.c:180:6:DMA1_Channel4_IRQHandler	0	static
../Core/Src/GAUL_Drivers/Low_Level_Drivers/USART_driver.c:188:6:DMA1_Channel5_IRQHandler	0	static
../Core/Src/GAUL_Drivers/Low_Level_Drivers/USART_driver.c:196:6:DMA1_Channel6_IRQHandler	0	static
../Core/Src/GAUL_Drivers/Low_Level_Drivers/USART_driver.c:204:6:DMA1_Channel7_IRQHandler	0	static
../Core/Src/GAUL_Drivers/Low_Level_Drivers/USART_driver.c:212:6:DMA1_Channel2_IRQHandler	0	static
../Core/Src/GAUL_Drivers/Low_Level_Drivers/USART_driver.c:220:6:DMA1_Channel3_IRQHandler	0	static
